// Jest Snapshot v1, https://goo.gl/fbAQLP

exports[`<BlockMatrix /> renders correctly 1`] = `
<table>
  <tbody>
    <tr>
      <td />
      <td />
      <td />
    </tr>
    <tr>
      <td>
        <div
          className="block green large"
        />
      </td>
      <td>
        <div
          className="block green large"
        />
      </td>
      <td>
        <div
          className="block green large"
        />
      </td>
    </tr>
    <tr>
      <td>
        <div
          className="block green large"
        />
      </td>
      <td />
      <td />
    </tr>
  </tbody>
</table>
`;
